// Jest Snapshot v1, https://goo.gl/fbAQLP

exports[`should render ExpenseList with empty message 1`] = `
<div>
  <p>
    No expenses
  </p>
</div>
`;

exports[`should render ExpenseList with expenses 1`] = `
<div>
  <ExpenseListItem
    amount={1950}
    createdAt={0}
    description="Gum"
    id="1"
    key="1"
    note=""
  />
  <ExpenseListItem
    amount={70000}
    createdAt={-518400000}
    description="Doctor bills"
    id="2"
    key="2"
    note=""
  />
  <ExpenseListItem
    amount={1743}
    createdAt={1468800000}
    description="Credit Card"
    id="3"
    key="3"
    note=""
  />
</div>
`;
